25532
58758
0
103607
84506
34517
102025
67897
43597
18218
20974
67311
14164
57906
171644
112576
72461
62295
42021
51749
28553
37477
63671
117714
47566
57555
33082
67757
117909
54716
78988
32251
22572
34389
65709
74788
79745
138477
158989
64330
132931
71968
80437
117550
104961
15986
62817
39163
96605
46074
71467
16250
32298
87882
2133
42384
83219
20308
36188
92442
36184
88076
95921
53237
12602
147432
34296
42021
14154
98554
47563
85873
56963
30182
36609
25721
32303
87928
63757
44124
5166
67897
24624
73375
12140
67001
100777
188108
64033
40360
90637
18342
57662
30630
79561
34625
91840
138149
30466
12140
