9
0
4
22
0
0
5
67
63
0
0
127
64
23
0
5
66
36
24
1
0
0
0
0
63
0
2
24
10
9
11
22
3
0
0
127
22
23
0
0
9
0
9
9
0
0
5
0
0
0
0
0
0
0
124
0
0
9
0
4
0
0
0
8
0
127
0
49
0
24
3
0
127
24
0
0
23
0
0
0
5
44
22
0
0
0
0
0
0
0
0
3
0
23
22
9
0
9
0
114
9
0
0
0
23
0
0
9
22
0
4
63
0
23
0
34
0
0
0
0
9
93
11
0
0
0
7
5
3
0
0
0
0
0
64
44
1
0
36
22
0
0
3
0
24
9
15
0
0
127
0
9
109
1
0
9
0
0
75
0
9
0
23
0
24
5
9
24
