0
16
12
0
0
21
12
14
12
0
12
0
0
0
0
2
0
3
12
21
5
5
1
14
0
0
27
1
19
0
17
1
0
0
14
5
27
0
0
0
16
27
21
14
0
0
