56
9
0
0
0
2
0
12
0
37
22
0
0
20
1
0
0
0
0
220
0
1
375
0
0
0
1
9
206
8
0
1
19
1
0
0
98
0
10
9
12
7
0
0
4
0
0
9
30
0
1
0
0
0
10
22
0
14
18
287
8
20
0
0
1
32
0
0
1
222
0
0
0
0
0
1
0
0
2
22
11
0
0
0
0
0
32
32
16
0
0
0
0
0
0
22
134
1
0
0
7
38
0
0
0
22
3
56
12
9
0
0
16
32
0
4
0
56
16
0
22
0
0
0
0
1
16
11
0
0
16
56
0
0
317
30
0
32
0
0
0
0
1
0
0
0
0
0
0
0
30
0
1
0
0
0
206
0
1
1
0
0
16
1
0
30
22
8
359
0
16
0
0
0
1
30
0
277
0
0
16
0
0
277
0
0
1
4
12
0
20
7
0
1
0
9
0
311
56
0
0
0
0
0
63
0
1
134
1
0
6
30
56
16
0
0
9
0
9
1
0
358
0
22
32
12
16
6
0
16
30
9
