68
100
100
27
100
97
100
88
60
100
100
50
100
51
100
100
100
100
22
66
76
100
39
100
90
61
62
100
77
100
100
100
100
99
92
100
68
100
50
100
100
100
68
100
92
91
100
90
82
100
95
100
68
48
24
100
100
73
100
100
100
100
65
60
68
78
100
74
100
83
100
79
100
90
100
100
50
42
62
100
22
100
79
100
100
100
56
100
17
100
100
87
22
100
100
100
62
100
100
34
