100
100
100
100
100
65
100
100
76
88
100
100
100
100
51
40
99
90
62
100
73
69
100
62
100
100
93
100
51
12
69
100
100
100
100
100
67
100
100
100
91
100
100
62
100
14
88
100
100
100
100
100
100
100
62
100
85
79
41
100
100
100
69
76
86
100
85
41
100
32
39
99
100
100
100
100
100
99
100
100
97
48
69
100
91
100
100
76
77
99
100
61
69
50
99
100
53
100
65
100
