94
100
69
100
100
100
100
100
100
84
100
90
100
100
96
61
83
100
96
100
100
94
100
100
100
100
91
68
100
100
100
100
98
100
100
100
96
100
68
100
68
57
100
100
37
100
67
100
100
100
99
100
100
100
100
79
100
73
67
100
100
86
86
29
43
100
56
100
100
100
65
67
100
100
100
50
100
54
100
85
94
28
100
15
100
81
85
96
53
100
98
94
79
73
29
100
100
79
100
12
