100
100
92
100
79
38
100
75
84
62
100
100
100
34
92
100
19
54
92
35
88
65
100
15
91
100
32
87
70
77
78
87
100
91
100
53
66
21
100
87
100
58
33
100
100
59
100
100
100
88
100
74
100
15
100
42
100
88
59
100
90
42
77
100
42
18
100
81
100
100
100
100
88
100
100
100
26
100
100
42
100
100
91
97
80
100
100
88
100
57
100
100
49
39
21
100
100
100
100
72
