281 2 
236 4 
-1  -1
785 8 
313 9 
81 4 
142 4 
447 7 
-1  -1
-1  -1
-1  -1
937 17 
646 10 
-1  -1
697 11 
471 6 
259 6 
506 6 
-1  -1
624 5 
