160 1 
24 1 
-1  -1
-1  -1
-1  -1
1 2 
-1  -1
364 4 
-1  -1
240 1 
139 4 
112 4 
304 2 
111 3 
72 1 
340 6 
1 2 
167 2 
-1  -1
545 4 
