-1  -1
520 2 
-1  -1
473 7 
570 11 
676 3 
94 5 
-1  -1
-1  -1
-1  -1
0 0 
-1  -1
295 8 
-1  -1
-1  -1
-1  -1
0 1 
-1  -1
-1  -1
0 1 
