317 10 
144 3 
-1  -1
-1  -1
316 3 
-1  -1
124 3 
222 2 
-1  -1
273 4 
579 3 
434 7 
290 3 
-1  -1
723 10 
6 4 
71 5 
-1  -1
7 2 
21 7 
