-1  -1
149 8 
-1  -1
-1  -1
-1  -1
839 4 
-1  -1
826 9 
-1  -1
-1  -1
1037 3 
36 1 
328 6 
352 10 
-1  -1
533 7 
201 5 
794 11 
332 5 
-1  -1
