474 5 
36 1 
-1  -1
95 2 
274 6 
30 1 
254 3 
-1  -1
-1  -1
-1  -1
324 1 
299 8 
612 7 
-1  -1
86 4 
113 2 
255 3 
738 9 
516 7 
0 1 
