0 3 
25 3 
-1  -1
3057 22 
8 4 
-1  -1
1 1 
4 3 
566 17 
6 3 
19599 49 
277 29 
4501 12 
