1050 17 
70 3 
562 6 
-1  -1
30 1 
498 13 
-1  -1
679 15 
901 17 
1281 31 
525 12 
1786 36 
1542 29 
2156 41 
1379 31 
834 18 
1454 29 
1240 28 
735 13 
363 9 
