430 8 
378 1 
185 3 
-1  -1
-1  -1
243 7 
198 4 
303 4 
140 1 
763 7 
455 7 
315 6 
9 3 
0 1 
14 3 
14 6 
3 4 
27 3 
14 4 
10 3 
