1388 30 
504 9 
133 2 
-1  -1
734 7 
130 4 
253 5 
24 1 
50 7 
1 2 
292 4 
246 5 
60 1 
85 3 
108 1 
291 7 
116 6 
360 5 
-1  -1
-1  -1
