0 0 
1000 2 
5 2 
-1  -1
101 3 
102 2 
-1  -1
14 1 
24276 24 
1999 3 
2000 3 
84 2 
-1  -1
135 1 
-1  -1
-1  -1
0 1 
44 2 
160 2 
1 2 
