8
6
68
6
63
93
60
94
96
20
83
64
13
5
94
27
45
55
61
11
90
28
49
89
49
7
31
82
48
97
29
63
61
61
14
11
57
61
14
93
83
19
91
0
89
86
17
88
84
38
13
71
76
65
8
51
82
90
6
26
14
18
57
72
95
98
62
59
77
96
55
89
64
73
70
41
54
2
13
63
43
21
34
49
16
59
69
74
14
68
28
91
43
83
90
15
58
87
11
47
10005
10003
9962
9968
9951
10007
9922
9948
9934
9988
9977
9950
9964
10000
9934
9993
9942
9984
9934
10008
9956
10005
9976
9992
9969
9949
9918
9960
10003
9920
9978
9930
9986
9960
10007
9945
9932
9970
9994
9950
9948
9978
9972
9992
9935
9948
9983
9978
9932
9964
9965
9979
9977
9975
9979
9972
10004
10003
10006
9937
9986
9988
10002
9943
9953
9976
9945
10008
9994
9928
9914
9987
9951
9981
9929
9921
9921
9990
9990
10004
9940
9922
9923
9915
9965
9928
9935
9923
9924
9961
9941
9996
9956
9942
9910
9939
9912
9967
9986
9935
