0
9970
9988
9986
9973
10000
9993
9993
9992
9992
9979
10000
9992
10000
10000
10000
10000
10000
9987
10000
10000
9990
9991
9992
9993
9996
9995
9998
9997
10000
10000
10000
