0
9993
9991
10000
9990
9987
9992
10000
10000
9999
10000
9999
10000
9993
9985
9970
9995
9990
10000
10000
9999
9997
10000
9997
9997
9998
9999
10000
9996
9989
9991
10000
9996
10000
9999
10000
9999
9996
9991
10000
10000
10000
10000
10000
9993
9999
9991
10000
9999
9995
9995
9995
10000
10000
10000
9999
10000
10000
9980
10000
10000
9992
9987
10000
9990
9990
10000
10000
9984
9984
9992
10000
9987
9988
9984
9989
9986
9988
9992
10000
10
10000
