130 799913
1 2 16 19 20 21 23 27 29 30 33 42 50 51 53 57 60 61 66 68 72 74 76 84 86 89 90 93 97 98 100 101 102 103 115 120 122 135 136 137 140 141 142 144 147 148 155 158 160 162 163 168 170 175 176 177 179 180 188 191 194 195 196 199 203 208 209 210 211 214 215 217 221 225 227 229 235 237 238 244 245 247 249 250 256 259 263 274 277 279 280 283 287 288 289 291 292 294 295 298 299 300 301 304 305 307 312 318 322 325 326 331 332 339 347 349 355 358 360 362 363 365 367 373 379 383 386 393 395 400