0
12 81
47
11 37
73 99
38 72
22
57 68
27
19
Can not put any one.
6 78
Can not put any one.
5 5
Can not put any one.
1 4
20
31
66 84
29 65
Can not put any one.
2
37 38
19
36
6 58
66
0
77 86
30
61 97
Can not put any one.
14
50 74
17
Can not put any one.
0
17
1
Can not put any one.
9 57
68 81
62 83
48
48 61
48
91 95
20 90
Can not put any one.
17
20
14
27 84
66
10 93
8
1
Can not put any one.
Can not put any one.
4 17
Can not put any one.
88
4
0
48 51
18 80
Can not put any one.
5
16
92 98
90 91
10
1
17
28 91
Can not put any one.
37
16 65
73
2
0
5
3 13
0
0
11
88 99
57 74
75 87
Can not put any one.
Can not put any one.
55 56
41 54
Can not put any one.
39 40
18
11
17
1
5 97
