455 737
738 852
853 999
0
458
Can not put any one.
0
Can not put any one.
0
161 290
118
659 703
253 737
738 892
397
12
893 911
308
477 958
Can not put any one.
372 476
462
0
0
0
0
0
0
91
181 242
0
62
222 364
900 924
5
170 578
0
667 899
381
624 666
26
302 623
213
173
119 747
87 851
10 86
146
170 315
Can not put any one.
Can not put any one.
104
3
520 629
474 519
Can not put any one.
262
264 466
467 525
137
243
763 790
662 762
188
411 900
278
303 477
Can not put any one.
6
50
Can not put any one.
801 850
132
704 776
72
485 835
Can not put any one.
509
617 639
696 869
211
0
260
30
654 962
369 653
Can not put any one.
277
0
142 365
741 911
261
45
783 870
366 782
542
0
17
Can not put any one.
641 734
249
Can not put any one.
752 855
0
Can not put any one.
610 751
323
0
685 932
589 684
353 498
Can not put any one.
335 588
271
503 605
168
608 775
Can not put any one.
39
174 541
42
777
392 992
243
0
Can not put any one.
177
36
41 404
165
619 847
86
Can not put any one.
271
142
0
0
0
769 975
Can not put any one.
80
508 753
754 944
0
Can not put any one.
394
0
83
347 890
891 901
117
125
221 281
Can not put any one.
Can not put any one.
32
536 603
6
356
0
0
Can not put any one.
411 853
5
89
465
0
72 964
Can not put any one.
302
404 705
494
Can not put any one.
Can not put any one.
482 565
0
Can not put any one.
156
Can not put any one.
353 637
8 352
Can not put any one.
332
303 451
105
109 547
548 634
98
34
308
245
44
831 948
48
Can not put any one.
67
685 945
14
220 698
Can not put any one.
Can not put any one.
247
565
264 869
292
19
82 370
Can not put any one.
380 555
411
422
788 861
79
59
0
0
71 271
219
0
0
650 974
Can not put any one.
116 196
18
197
0
666 864
284
21 803
804 964
488
330
0
0
907 941
103
114 744
443
Can not put any one.
345 399
491 906
114 245
237
52 958
242
53
13
866 918
238 260
Can not put any one.
110
391
278 830
97
352 448
196
567 762
24
828 851
381
560 658
96
137
146 544
545 792
26
7
88
Can not put any one.
Can not put any one.
4
469
Can not put any one.
336 923
110
278 393
804
46
0
568 949
0
85
396 652
Can not put any one.
Can not put any one.
546
0
0
0
74 941
396
139
358 695
69
Can not put any one.
359
552 910
364 426
Can not put any one.
Can not put any one.
Can not put any one.
242
343 605
12 342
Can not put any one.
Can not put any one.
Can not put any one.
326
434 759
Can not put any one.
Can not put any one.
Can not put any one.
Can not put any one.
62
208
Can not put any one.
222 583
675
324 856
Can not put any one.
144
Can not put any one.
Can not put any one.
302
0
18
238 507
131
193
0
869 871
0
0
830 868
0
0
590 829
105
6
0
Can not put any one.
75
0
286 670
Can not put any one.
Can not put any one.
Can not put any one.
58
137
661 938
52
614 807
301
360 586
Can not put any one.
Can not put any one.
Can not put any one.
56
352 892
443
647 794
208 646
Can not put any one.
642
0
Can not put any one.
Can not put any one.
Can not put any one.
78
544 919
Can not put any one.
0
252 445
275
785 834
37
141
174
0
0
790 979
159 789
Can not put any one.
766
Can not put any one.
503 924
196 502
Can not put any one.
566
683 761
452 682
142
813 954
306
198 904
Can not put any one.
6 197
Can not put any one.
236
428
678 758
95 674
741
245
753 995
32
0
145
191 246
0
113
517 986
43
357
91 784
33
785 837
262
226 949
Can not put any one.
423
65
Can not put any one.
0
172
115
7 289
367 865
Can not put any one.
45
113
447 479
290 446
191
Can not put any one.
Can not put any one.
355
84
197 652
821 861
187 820
824
376 511
Can not put any one.
922 947
0
136
678 921
Can not put any one.
178
561 855
0
181 534
507
0
282
247 628
805 981
Can not put any one.
629 794
206 804
Can not put any one.
191
388
94
Can not put any one.
5
Can not put any one.
118 215
785 788
420 619
Can not put any one.
98
267 784
178
383
152 583
316
0
406 827
Can not put any one.
Can not put any one.
355 405
380
340
0
0
29
525 620
0
656 762
69
411 987
558
768 847
933 968
0
84
0
40
0
156 715
905 976
716 904
807
202 962
Can not put any one.
Can not put any one.
Can not put any one.
679
0
75
0
396 711
4
762 955
316
248 760
761 761
Can not put any one.
512
0
0
0
33 759
946
0
244 962
409
470 987
125
0
85
Can not put any one.
266
589 772
33
135 397
71
779 978
173
5
81
457 962
Can not put any one.
Can not put any one.
28 456
Can not put any one.
Can not put any one.
496
0
29
0
189
15 166
0
141
707 882
23
154 493
494 706
Can not put any one.
Can not put any one.
Can not put any one.
361
489 805
144 488
422
Can not put any one.
372 630
122
388
382 457
153
279 855
170
388
577 696
0
185
0
Can not put any one.
719 793
56 532
40
591 663
185
403
2
0
0
639 722
174
838 993
399 837
53 398
592
0
687 828
637 834
180
Can not put any one.
Can not put any one.
243 503
58
566 761
762 800
223
327
547 610
189 870
24
871 874
Can not put any one.
Can not put any one.
Can not put any one.
Can not put any one.
Can not put any one.
Can not put any one.
520
115
300 791
Can not put any one.
561
750 853
33
201
86
479 990
Can not put any one.
422 478
32
321
0
Can not put any one.
0
Can not put any one.
385 446
0
0
552 742
Can not put any one.
49 551
Can not put any one.
Can not put any one.
237
101
58
303
Can not put any one.
240 262
0
616 747
220 421
257
59
45
770 902
Can not put any one.
Can not put any one.
123
128
40
0
589 932
172 588
Can not put any one.
Can not put any one.
71 171
Can not put any one.
37 70
357
223
0
267
0
566 997
3
86
186
0
421 479
0
218
151 999
Can not put any one.
Can not put any one.
Can not put any one.
Can not put any one.
134
0
132
481 746
547
758 917
191
34 578
156
265
35
694 792
498 693
382
96
0
0
0
434 931
152
112
0
704 967
Can not put any one.
405
0
0
589 747
Can not put any one.
213
26 818
438
Can not put any one.
Can not put any one.
109 503
0
Can not put any one.
254
Can not put any one.
Can not put any one.
Can not put any one.
Can not put any one.
544
778 823
46
0
0
737 738
590 925
80 170
26
129
Can not put any one.
0
66 670
671 718
20
252
122
397
0
0
0
78 479
736 862
480 735
238
61
237
448 450
397
32
259 993
385
119 643
773
Can not put any one.
841 891
0
0
241 334
94
324 548
Can not put any one.
Can not put any one.
294
85 909
Can not put any one.
354
5
Can not put any one.
621 765
331
190 734
Can not put any one.
123
697
23
600 927
0
556 599
478 555
239 477
Can not put any one.
Can not put any one.
2 238
843
833 946
533 832
385 532
260 384
278
113 383
314
0
Can not put any one.
14
104 868
869 934
518
441 454
34
676 958
108
81
469 675
420
Can not put any one.
519 729
494 518
0
Can not put any one.
471 493
294
229 935
122
766 947
145
293
13
629 666
60 377
452 628
Can not put any one.
Can not put any one.
Can not put any one.
378 451
463
Can not put any one.
0
164
0
117 793
Can not put any one.
Can not put any one.
Can not put any one.
101
Can not put any one.
67
25
144 943
60
504 563
287
346 420
626
0
461 584
1
291 783
117 789
195
0
909 981
165
0
18
681 838
333
139
0
0
657 968
54
530 981
261
208
631 998
610 630
259 609
351
107
458 716
Can not put any one.
397
54 348
84
0
0
685 718
349 678
Can not put any one.
Can not put any one.
11
783 897
679 782
49
81
287
100
6
28
2
0
0
389 695
Can not put any one.
182 388
217
214 393
594
0
0
188
0
624 995
331
0
577 704
0
558 954
Can not put any one.
295 557
300
0
0
27
86
671 922
443 670
295
834 934
765 833
262 764
Can not put any one.
248 261
Can not put any one.
Can not put any one.
85
0
66 92
Can not put any one.
62
260
234
613 918
54
171
292 407
35
192
0
Can not put any one.
0
256 948
737
0
0
0
3
885 968
32 313
872 884
314 871
390
207
Can not put any one.
82
230
530 942
0
191 529
37
257
0
Can not put any one.
2
Can not put any one.
92
759 850
0
0
131
368 374
90
0
457 698
86 425
43 456
Can not put any one.
490
Can not put any one.
0
450 847
6
514
0
213 824
562
0
Can not put any one.
