7111111111 888
11111111111 1088
71111111111 1888
111111111111 2008
711111111111 2088
1111111111111 2888
7111111111111 6888
11111111111111 8888
71111111111111 10888
111111111111111 18888
