71111 20
111111 28
711111 68
1111111 88
7111111 108
11111111 188
71111111 200
111111111 208
711111111 288
1111111111 688
