711111111111111111111111111111111111111111111 8888888888888
1111111111111111111111111111111111111111111111 10888888888888
7111111111111111111111111111111111111111111111 18888888888888
11111111111111111111111111111111111111111111111 20088888888888
71111111111111111111111111111111111111111111111 20888888888888
111111111111111111111111111111111111111111111111 28888888888888
711111111111111111111111111111111111111111111111 68888888888888
1111111111111111111111111111111111111111111111111 88888888888888
7111111111111111111111111111111111111111111111111 108888888888888
11111111111111111111111111111111111111111111111111 188888888888888
