711111111111111111111111111111 288888888
1111111111111111111111111111111 688888888
7111111111111111111111111111111 888888888
11111111111111111111111111111111 1088888888
71111111111111111111111111111111 1888888888
111111111111111111111111111111111 2008888888
711111111111111111111111111111111 2088888888
1111111111111111111111111111111111 2888888888
7111111111111111111111111111111111 6888888888
11111111111111111111111111111111111 8888888888
