71111111111111111111 688888
111111111111111111111 888888
711111111111111111111 1088888
1111111111111111111111 1888888
7111111111111111111111 2008888
11111111111111111111111 2088888
71111111111111111111111 2888888
111111111111111111111111 6888888
711111111111111111111111 8888888
1111111111111111111111111 10888888
