7111111111111111111111111 18888888
11111111111111111111111111 20088888
71111111111111111111111111 20888888
111111111111111111111111111 28888888
711111111111111111111111111 68888888
1111111111111111111111111111 88888888
7111111111111111111111111111 108888888
11111111111111111111111111111 188888888
71111111111111111111111111111 200888888
111111111111111111111111111111 208888888
