711111111111111 20088
1111111111111111 20888
7111111111111111 28888
11111111111111111 68888
71111111111111111 88888
111111111111111111 108888
711111111111111111 188888
1111111111111111111 200888
7111111111111111111 208888
11111111111111111111 288888
