451277610
146243520
235291324
139016719
194739808
200836304
548871040
118083882
